arxiv-year
Using METIS with num_parts: 5 avg edges per partition: 500000 sample size: 100000
METIS Partition time: 0.0857994556427002
Run: 0
[hybrid] checkpoint=on
Mean epoch time of run 0.4847
Iteration:  20
EdgeMLP updated 100/100
Best Test F1 throughout: 0.0000
Loading best model for final evaluation at val: 0.0000
Best Test F1 after loading saved model: 0.3388
[stats] pipeline=hybrid run=0 train_time_sec=9.6942 peak_gpu_mem_mb=1478.28 best_val_f1=0.3361 best_test_f1=0.3388
---------------Stats-----------
Mean training epoch runtime: 0.4847
Mean convergence number: 20.0000 +/- 0.0000, [20]
EdgeMLP updated/Total GNN updates 100.0/100.0
Mean Std of Best Test we could do F1 Score: 0.0000 +/- 0.0000
Mean Std of Test at best Val F1 Score: 0.0000 +/- 0.0000
Mean Std of Loaded best Val model Test F1 Score: 0.3388 +/- 0.0000
-------------------------------
